[bytestratasoftwaresolutions.framer.website/index.html]
[backblue.gif]
[fade.gif]
[index.html]
[bytestratasoftwaresolutions.framer.website/services.html]
[bytestratasoftwaresolutions.framer.website/product.html]
[bytestratasoftwaresolutions.framer.website/about.html]
[bytestratasoftwaresolutions.framer.website/contact.html]
[bytestratasoftwaresolutions.framer.website/legal/privacy-policy.html]
[bytestratasoftwaresolutions.framer.website/legal/licensing.html]
[bytestratasoftwaresolutions.framer.website/index.html]
[bytestratasoftwaresolutions.framer.website/services.html]
[bytestratasoftwaresolutions.framer.website/product.html]
[bytestratasoftwaresolutions.framer.website/about.html]
[bytestratasoftwaresolutions.framer.website/contact.html]
[bytestratasoftwaresolutions.framer.website/legal/privacy-policy.html]
[bytestratasoftwaresolutions.framer.website/legal/licensing.html]
[bytestratasoftwaresolutions.framer.website/legal/terms-of-use.html]
[bytestratasoftwaresolutions.framer.website/legal/terms-of-use.html]
